src/pages/Dashboard.tsx(1,8): error TS6133: 'React' is declared but its value is never read.
src/pages/Decks.tsx(66,21): error TS6133: 'data' is declared but its value is never read.
src/pages/Generate.tsx(1,8): error TS6133: 'React' is declared but its value is never read.
src/pages/Login.tsx(1,17): error TS6133: 'useState' is declared but its value is never read.
src/pages/Progress.tsx(1,1): error TS6133: 'React' is declared but its value is never read.
src/pages/Study.tsx(1,8): error TS6133: 'React' is declared but its value is never read.
